// Jest Snapshot v1, https://goo.gl/fbAQLP

exports[`Header component renders the header 1`] = `
<header>
  <nav>
    <Link
      to="/red"
    >
      Red
    </Link>
     |  
    <Link
      to="/blue"
    >
      Blue
    </Link>
     |  
    <Link
      to="/yellow"
    >
      Yellow
    </Link>
  </nav>
</header>
`;
