// Jest Snapshot v1, https://goo.gl/fbAQLP

exports[`Red component renders red div 1`] = `
<div
  style={
    Object {
      "backgroundColor": "red",
      "color": "black",
      "fontSize": "4em",
      "height": "50vw",
      "width": "50vw",
    }
  }
>
  R E D
</div>
`;
