// Jest Snapshot v1, https://goo.gl/fbAQLP

exports[`Header component renders the header 1`] = `
<div
  style={
    Object {
      "backgroundColor": "yellow",
      "color": "black",
      "fontSize": "4em",
      "height": "50vw",
      "width": "50vw",
    }
  }
>
  Y E L L O W
</div>
`;
